// Jest Snapshot v1, https://goo.gl/fbAQLP

exports[`tests in component Task should render the component correctly 1`] = `
<div
  className="todo"
  style={
    Object {
      "textDecoration": "",
    }
  }
>
  test task
  <div>
    <button
      onClick={[Function]}
    >
       status
    </button>
  </div>
</div>
`;
